// Jest Snapshot v1, https://goo.gl/fbAQLP

exports[`snapshot of Button component should render the Button Component correctly 1`] = `ShallowWrapper {}`;
