// Jest Snapshot v1, https://goo.gl/fbAQLP

exports[`GoogleText should render GoogleText 1`] = `ShallowWrapper {}`;
