// Jest Snapshot v1, https://goo.gl/fbAQLP

exports[`Testing render <InputComponent /> Component create snapshot 1`] = `ReactWrapper {}`;
