// Jest Snapshot v1, https://goo.gl/fbAQLP

exports[`Testing render <QuantityCounter /> Component create snapshot 1`] = `ReactWrapper {}`;
