// Jest Snapshot v1, https://goo.gl/fbAQLP

exports[`snapshot of Tag component should render the Tag Component correctly 1`] = `ShallowWrapper {}`;
